# Using development configuration (small chunks)
# Bundle created: test_compartment_20250901-230733.c4m_bundle
# Starting compartmentalized scan...
✓ Wrote chunk 1 (10 entries)
✓ Wrote chunk 2 (10 entries)
✓ Wrote chunk 3 (24 entries)

✓ Scan complete
✓ Chunks written: 3
✓ Bundle saved to: test_compartment_20250901-230733.c4m_bundle
